[INFO] Scanning for projects...
[INFO] 
[INFO] ----------------------< com.piedraazul:ms-agenda >----------------------
[INFO] Building ms-agenda 0.0.1-SNAPSHOT
[INFO]   from pom.xml
[INFO] --------------------------------[ jar ]---------------------------------
[INFO] 
[INFO] >>> spring-boot:4.0.6:run (default-cli) > test-compile @ ms-agenda >>>
[INFO] 
[INFO] --- resources:3.3.1:resources (default-resources) @ ms-agenda ---
[INFO] Copying 1 resource from src\main\resources to target\classes
[INFO] Copying 0 resource from src\main\resources to target\classes
[INFO] 
[INFO] --- compiler:3.14.1:compile (default-compile) @ ms-agenda ---
[INFO] Nothing to compile - all classes are up to date.
[INFO] 
[INFO] --- resources:3.3.1:testResources (default-testResources) @ ms-agenda ---
[INFO] skip non existing resourceDirectory E:\Proyecto final Piedra Azul\piedra-azul\ms-agenda\src\test\resources
[INFO] 
[INFO] --- compiler:3.14.1:testCompile (default-testCompile) @ ms-agenda ---
[INFO] Recompiling the module because of changed source code.
[INFO] Compiling 1 source file with javac [debug parameters release 17] to target\test-classes
[INFO] 
[INFO] <<< spring-boot:4.0.6:run (default-cli) < test-compile @ ms-agenda <<<
[INFO] 
[INFO] 
[INFO] --- spring-boot:4.0.6:run (default-cli) @ ms-agenda ---
[INFO] Attaching agents: []

  .   ____          _            __ _ _
 /\\ / ___'_ __ _ _(_)_ __  __ _ \ \ \ \
( ( )\___ | '_ | '_| | '_ \/ _` | \ \ \ \
 \\/  ___)| |_)| | | | | || (_| |  ) ) ) )
  '  |____| .__|_| |_|_| |_\__, | / / / /
 =========|_|==============|___/=/_/_/_/

 :: Spring Boot ::                (v4.0.6)

2026-06-09T09:19:49.060-05:00  INFO 21168 --- [ms-agenda] [           main] c.p.msagenda.MsAgendaApplication         : Starting MsAgendaApplication using Java 17.0.19 with PID 21168 (E:\Proyecto final Piedra Azul\piedra-azul\ms-agenda\target\classes started by Vsp in E:\Proyecto final Piedra Azul\piedra-azul\ms-agenda)
2026-06-09T09:19:49.084-05:00  INFO 21168 --- [ms-agenda] [           main] c.p.msagenda.MsAgendaApplication         : No active profile set, falling back to 1 default profile: "default"
2026-06-09T09:19:53.230-05:00  INFO 21168 --- [ms-agenda] [           main] .s.d.r.c.RepositoryConfigurationDelegate : Bootstrapping Spring Data JPA repositories in DEFAULT mode.
2026-06-09T09:19:53.651-05:00  INFO 21168 --- [ms-agenda] [           main] .s.d.r.c.RepositoryConfigurationDelegate : Finished Spring Data repository scanning in 375 ms. Found 2 JPA repository interfaces.
2026-06-09T09:19:57.433-05:00  INFO 21168 --- [ms-agenda] [           main] o.s.boot.tomcat.TomcatWebServer          : Tomcat initialized with port 8083 (http)
2026-06-09T09:19:57.495-05:00  INFO 21168 --- [ms-agenda] [           main] o.apache.catalina.core.StandardService   : Starting service [Tomcat]
2026-06-09T09:19:57.497-05:00  INFO 21168 --- [ms-agenda] [           main] o.apache.catalina.core.StandardEngine    : Starting Servlet engine: [Apache Tomcat/11.0.21]
2026-06-09T09:19:57.851-05:00  INFO 21168 --- [ms-agenda] [           main] b.w.c.s.WebApplicationContextInitializer : Root WebApplicationContext: initialization completed in 8348 ms
2026-06-09T09:19:59.181-05:00  INFO 21168 --- [ms-agenda] [           main] org.hibernate.orm.jpa                    : HHH008540: Processing PersistenceUnitInfo [name: default]
2026-06-09T09:19:59.645-05:00  INFO 21168 --- [ms-agenda] [           main] org.hibernate.orm.core                   : HHH000001: Hibernate ORM core version 7.2.12.Final
2026-06-09T09:20:02.696-05:00  INFO 21168 --- [ms-agenda] [           main] o.s.o.j.p.SpringPersistenceUnitInfo      : No LoadTimeWeaver setup: ignoring JPA class transformer
2026-06-09T09:20:02.866-05:00  INFO 21168 --- [ms-agenda] [           main] com.zaxxer.hikari.HikariDataSource       : HikariPool-1 - Starting...
2026-06-09T09:20:04.381-05:00  INFO 21168 --- [ms-agenda] [           main] com.zaxxer.hikari.pool.HikariPool        : HikariPool-1 - Added connection org.postgresql.jdbc.PgConnection@2591d23a
2026-06-09T09:20:04.391-05:00  INFO 21168 --- [ms-agenda] [           main] com.zaxxer.hikari.HikariDataSource       : HikariPool-1 - Start completed.
2026-06-09T09:20:04.649-05:00  WARN 21168 --- [ms-agenda] [           main] org.hibernate.orm.deprecation            : HHH90000025: PostgreSQLDialect does not need to be specified explicitly using 'hibernate.dialect' (remove the property setting and it will be selected by default)
2026-06-09T09:20:04.780-05:00  INFO 21168 --- [ms-agenda] [           main] org.hibernate.orm.connections.pooling    : HHH10001005: Database info:
	Database JDBC URL [jdbc:postgresql://localhost:5432/agendadb]
	Database driver: PostgreSQL JDBC Driver
	Database dialect: PostgreSQLDialect
	Database version: 16.14
	Default catalog/schema: agendadb/public
	Autocommit mode: undefined/unknown
	Isolation level: READ_COMMITTED [default READ_COMMITTED]
	JDBC fetch size: none
	Pool: DataSourceConnectionProvider
	Minimum pool size: undefined/unknown
	Maximum pool size: undefined/unknown
2026-06-09T09:20:10.517-05:00  INFO 21168 --- [ms-agenda] [           main] org.hibernate.orm.core                   : HHH000489: No JTA platform available (set 'hibernate.transaction.jta.platform' to enable JTA platform integration)
2026-06-09T09:20:10.924-05:00  INFO 21168 --- [ms-agenda] [           main] j.LocalContainerEntityManagerFactoryBean : Initialized JPA EntityManagerFactory for persistence unit 'default'
2026-06-09T09:20:11.214-05:00  INFO 21168 --- [ms-agenda] [           main] o.s.d.j.r.query.QueryEnhancerFactories   : Hibernate is in classpath; If applicable, HQL parser will be used.
2026-06-09T09:20:17.081-05:00  WARN 21168 --- [ms-agenda] [           main] JpaBaseConfiguration$JpaWebConfiguration : spring.jpa.open-in-view is enabled by default. Therefore, database queries may be performed during view rendering. Explicitly configure spring.jpa.open-in-view to disable this warning
2026-06-09T09:20:18.904-05:00  INFO 21168 --- [ms-agenda] [           main] o.s.boot.tomcat.TomcatWebServer          : Tomcat started on port 8083 (http) with context path '/'
2026-06-09T09:20:18.936-05:00  INFO 21168 --- [ms-agenda] [           main] c.p.msagenda.MsAgendaApplication         : Started MsAgendaApplication in 33.305 seconds (process running for 35.752)
[INFO] ------------------------------------------------------------------------
[INFO] BUILD FAILURE
[INFO] ------------------------------------------------------------------------
[INFO] Total time:  12:58 min
[INFO] Finished at: 2026-06-09T09:32:19-05:00
[INFO] ------------------------------------------------------------------------
[ERROR] Failed to execute goal org.springframework.boot:spring-boot-maven-plugin:4.0.6:run (default-cli) on project ms-agenda: Process terminated with exit code: 1 -> [Help 1]
[ERROR] 
[ERROR] To see the full stack trace of the errors, re-run Maven with the -e switch.
[ERROR] Re-run Maven using the -X switch to enable full debug logging.
[ERROR] 
[ERROR] For more information about the errors and possible solutions, please read the following articles:
[ERROR] [Help 1] http://cwiki.apache.org/confluence/display/MAVEN/MojoExecutionException
